
> @simbolo/admin@0.1.0 build
> next build

⚠ turbopack.root should be absolute, using: C:\Users\visha\simbolonew\apps
▲ Next.js 16.2.11 (Turbopack)

  Creating an optimized production build ...
✓ Compiled successfully in 13.9s
  Running TypeScript ...
  Finished TypeScript in 9.0s ...
  Collecting page data using 11 workers ...
  Generating static pages using 11 workers (0/17) ...
  Generating static pages using 11 workers (4/17) 
  Generating static pages using 11 workers (8/17) 
  Generating static pages using 11 workers (12/17) 
✓ Generating static pages using 11 workers (17/17) in 3.1s
  Finalizing page optimization ...

Route (app)
┌ ○ /
├ ○ /_not-found
├ ○ /about-us
├ ○ /case-studies
├ ƒ /case-studies/edit/[id]
├ ○ /faqs
├ ○ /homepage
├ ○ /industries
├ ○ /media
├ ○ /navigation
├ ○ /packages
├ ○ /portfolio
├ ○ /seo
├ ○ /services
├ ƒ /services/[slug]
├ ○ /settings
├ ○ /technologies
└ ○ /testimonials


○  (Static)   prerendered as static content
ƒ  (Dynamic)  server-rendered on demand

