
> @simbolo/client@0.1.0 build
> cross-env NODE_OPTIONS=--max_old_space_size=8192 next build

▲ Next.js 16.2.11 (Turbopack)
- Environments: .env.local

  Creating an optimized production build ...
✓ Compiled successfully in 16.3s
  Running TypeScript ...
  Finished TypeScript in 17.9s ...
  Collecting page data using 11 workers ...
  Generating static pages using 11 workers (0/18) ...
  Generating static pages using 11 workers (4/18) 
  Generating static pages using 11 workers (8/18) 
  Generating static pages using 11 workers (13/18) 
✓ Generating static pages using 11 workers (18/18) in 2.4s
  Finalizing page optimization ...

Route (app)
┌ ○ /
├ ○ /_not-found
├ ○ /checkout
├ ○ /dashboard
├ ○ /documents
├ ○ /meetings
├ ○ /messages
├ ○ /notifications
├ ○ /orders
├ ○ /payments
├ ○ /profile
├ ○ /projects
├ ƒ /projects/[id]
├ ○ /reports
├ ○ /settings
├ ○ /subscription
├ ○ /support
└ ○ /tasks


○  (Static)   prerendered as static content
ƒ  (Dynamic)  server-rendered on demand

